// Jest Snapshot v1, https://goo.gl/fbAQLP

exports[`App component renders App 1`] = `
<DocumentFragment>
  <div
    style="display: flex; align-items: center; flex-direction: column;"
  >
    <h1>
      RANDOM COLORS!!!
    </h1>
    <div
      style="background-image: url(); height: 500px; width: 500px; display: flex; justify-content: center; align-items: center;"
    >
      <h1 />
    </div>
  </div>
</DocumentFragment>
`;
